[2025-04-20T13:35:37.699+0900][gc] Using G1
[2025-04-20T13:35:37.705+0900][gc,init] Version: 17.0.14+7-Ubuntu-120.04 (release)
[2025-04-20T13:35:37.705+0900][gc,init] CPUs: 6 total, 6 available
[2025-04-20T13:35:37.705+0900][gc,init] Memory: 15884M
[2025-04-20T13:35:37.705+0900][gc,init] Large Page Support: Disabled
[2025-04-20T13:35:37.705+0900][gc,init] NUMA Support: Disabled
[2025-04-20T13:35:37.705+0900][gc,init] Compressed Oops: Enabled (32-bit)
[2025-04-20T13:35:37.705+0900][gc,init] Heap Region Size: 1M
[2025-04-20T13:35:37.705+0900][gc,init] Heap Min Capacity: 1G
[2025-04-20T13:35:37.705+0900][gc,init] Heap Initial Capacity: 1G
[2025-04-20T13:35:37.705+0900][gc,init] Heap Max Capacity: 1G
[2025-04-20T13:35:37.705+0900][gc,init] Pre-touch: Disabled
[2025-04-20T13:35:37.705+0900][gc,init] Parallel Workers: 6
[2025-04-20T13:35:37.705+0900][gc,init] Concurrent Workers: 2
[2025-04-20T13:35:37.705+0900][gc,init] Concurrent Refinement Workers: 6
[2025-04-20T13:35:37.705+0900][gc,init] Periodic GC: Disabled
[2025-04-20T13:35:37.711+0900][gc,metaspace] CDS archive(s) mapped at: [0x00007f8337000000-0x00007f8337bc9000-0x00007f8337bc9000), size 12357632, SharedBaseAddress: 0x00007f8337000000, ArchiveRelocationMode: 1.
[2025-04-20T13:35:37.711+0900][gc,metaspace] Compressed class space mapped at: 0x00007f8338000000-0x00007f8378000000, reserved size: 1073741824
[2025-04-20T13:35:37.711+0900][gc,metaspace] Narrow klass base: 0x00007f8337000000, Narrow klass shift: 0, Narrow klass range: 0x100000000
[2025-04-20T13:35:38.668+0900][gc,start    ] GC(0) Pause Young (Normal) (G1 Evacuation Pause)
[2025-04-20T13:35:38.669+0900][gc,task     ] GC(0) Using 6 workers of 6 for evacuation
[2025-04-20T13:35:38.674+0900][gc,phases   ] GC(0)   Pre Evacuate Collection Set: 0.2ms
[2025-04-20T13:35:38.674+0900][gc,phases   ] GC(0)   Merge Heap Roots: 0.2ms
[2025-04-20T13:35:38.674+0900][gc,phases   ] GC(0)   Evacuate Collection Set: 3.8ms
[2025-04-20T13:35:38.674+0900][gc,phases   ] GC(0)   Post Evacuate Collection Set: 1.0ms
[2025-04-20T13:35:38.674+0900][gc,phases   ] GC(0)   Other: 1.1ms
[2025-04-20T13:35:38.674+0900][gc,heap     ] GC(0) Eden regions: 51->0(44)
[2025-04-20T13:35:38.674+0900][gc,heap     ] GC(0) Survivor regions: 0->7(7)
[2025-04-20T13:35:38.674+0900][gc,heap     ] GC(0) Old regions: 0->0
[2025-04-20T13:35:38.674+0900][gc,heap     ] GC(0) Archive regions: 2->2
[2025-04-20T13:35:38.674+0900][gc,heap     ] GC(0) Humongous regions: 0->0
[2025-04-20T13:35:38.674+0900][gc,metaspace] GC(0) Metaspace: 18905K(19136K)->18905K(19136K) NonClass: 16629K(16768K)->16629K(16768K) Class: 2276K(2368K)->2276K(2368K)
[2025-04-20T13:35:38.674+0900][gc          ] GC(0) Pause Young (Normal) (G1 Evacuation Pause) 51M->7M(1024M) 6.487ms
[2025-04-20T13:35:38.674+0900][gc,cpu      ] GC(0) User=0.00s Sys=0.02s Real=0.01s
[2025-04-20T13:35:38.848+0900][gc,start    ] GC(1) Pause Young (Concurrent Start) (Metadata GC Threshold)
[2025-04-20T13:35:38.848+0900][gc,task     ] GC(1) Using 6 workers of 6 for evacuation
[2025-04-20T13:35:38.853+0900][gc,phases   ] GC(1)   Pre Evacuate Collection Set: 0.2ms
[2025-04-20T13:35:38.853+0900][gc,phases   ] GC(1)   Merge Heap Roots: 0.1ms
[2025-04-20T13:35:38.853+0900][gc,phases   ] GC(1)   Evacuate Collection Set: 3.7ms
[2025-04-20T13:35:38.853+0900][gc,phases   ] GC(1)   Post Evacuate Collection Set: 0.7ms
[2025-04-20T13:35:38.853+0900][gc,phases   ] GC(1)   Other: 0.5ms
[2025-04-20T13:35:38.853+0900][gc,heap     ] GC(1) Eden regions: 10->0(49)
[2025-04-20T13:35:38.853+0900][gc,heap     ] GC(1) Survivor regions: 7->2(7)
[2025-04-20T13:35:38.853+0900][gc,heap     ] GC(1) Old regions: 0->7
[2025-04-20T13:35:38.853+0900][gc,heap     ] GC(1) Archive regions: 2->2
[2025-04-20T13:35:38.853+0900][gc,heap     ] GC(1) Humongous regions: 129->129
[2025-04-20T13:35:38.853+0900][gc,metaspace] GC(1) Metaspace: 21289K(21504K)->21289K(21504K) NonClass: 18744K(18880K)->18744K(18880K) Class: 2545K(2624K)->2545K(2624K)
[2025-04-20T13:35:38.853+0900][gc          ] GC(1) Pause Young (Concurrent Start) (Metadata GC Threshold) 146M->138M(1024M) 5.271ms
[2025-04-20T13:35:38.853+0900][gc,cpu      ] GC(1) User=0.02s Sys=0.00s Real=0.01s
[2025-04-20T13:35:38.853+0900][gc          ] GC(2) Concurrent Mark Cycle
[2025-04-20T13:35:38.853+0900][gc,marking  ] GC(2) Concurrent Clear Claimed Marks
[2025-04-20T13:35:38.853+0900][gc,marking  ] GC(2) Concurrent Clear Claimed Marks 0.017ms
[2025-04-20T13:35:38.853+0900][gc,marking  ] GC(2) Concurrent Scan Root Regions
[2025-04-20T13:35:38.855+0900][gc,marking  ] GC(2) Concurrent Scan Root Regions 1.750ms
[2025-04-20T13:35:38.855+0900][gc,marking  ] GC(2) Concurrent Mark
[2025-04-20T13:35:38.855+0900][gc,marking  ] GC(2) Concurrent Mark From Roots
[2025-04-20T13:35:38.855+0900][gc,task     ] GC(2) Using 2 workers of 2 for marking
[2025-04-20T13:35:38.857+0900][gc,marking  ] GC(2) Concurrent Mark From Roots 2.076ms
[2025-04-20T13:35:38.857+0900][gc,marking  ] GC(2) Concurrent Preclean
[2025-04-20T13:35:38.857+0900][gc,marking  ] GC(2) Concurrent Preclean 0.082ms
[2025-04-20T13:35:38.857+0900][gc,start    ] GC(2) Pause Remark
[2025-04-20T13:35:38.859+0900][gc          ] GC(2) Pause Remark 138M->138M(1024M) 1.838ms
[2025-04-20T13:35:38.859+0900][gc,cpu      ] GC(2) User=0.01s Sys=0.01s Real=0.00s
[2025-04-20T13:35:38.859+0900][gc,marking  ] GC(2) Concurrent Mark 4.326ms
[2025-04-20T13:35:38.859+0900][gc,marking  ] GC(2) Concurrent Rebuild Remembered Sets
[2025-04-20T13:35:38.861+0900][gc,marking  ] GC(2) Concurrent Rebuild Remembered Sets 1.897ms
[2025-04-20T13:35:38.862+0900][gc,start    ] GC(2) Pause Cleanup
[2025-04-20T13:35:38.862+0900][gc          ] GC(2) Pause Cleanup 139M->139M(1024M) 0.355ms
[2025-04-20T13:35:38.862+0900][gc,cpu      ] GC(2) User=0.00s Sys=0.00s Real=0.00s
[2025-04-20T13:35:38.862+0900][gc,marking  ] GC(2) Concurrent Cleanup for Next Mark
[2025-04-20T13:35:38.867+0900][gc,marking  ] GC(2) Concurrent Cleanup for Next Mark 5.373ms
[2025-04-20T13:35:38.867+0900][gc          ] GC(2) Concurrent Mark Cycle 14.342ms
[2025-04-20T13:36:08.665+0900][gc,start    ] GC(3) Pause Young (Normal) (G1 Evacuation Pause)
[2025-04-20T13:36:08.666+0900][gc,task     ] GC(3) Using 6 workers of 6 for evacuation
[2025-04-20T13:36:08.669+0900][gc,phases   ] GC(3)   Pre Evacuate Collection Set: 0.2ms
[2025-04-20T13:36:08.669+0900][gc,phases   ] GC(3)   Merge Heap Roots: 0.1ms
[2025-04-20T13:36:08.669+0900][gc,phases   ] GC(3)   Evacuate Collection Set: 2.5ms
[2025-04-20T13:36:08.669+0900][gc,phases   ] GC(3)   Post Evacuate Collection Set: 0.8ms
[2025-04-20T13:36:08.669+0900][gc,phases   ] GC(3)   Other: 0.2ms
[2025-04-20T13:36:08.669+0900][gc,heap     ] GC(3) Eden regions: 49->0(45)
[2025-04-20T13:36:08.669+0900][gc,heap     ] GC(3) Survivor regions: 2->6(7)
[2025-04-20T13:36:08.669+0900][gc,heap     ] GC(3) Old regions: 7->7
[2025-04-20T13:36:08.669+0900][gc,heap     ] GC(3) Archive regions: 2->2
[2025-04-20T13:36:08.669+0900][gc,heap     ] GC(3) Humongous regions: 129->129
[2025-04-20T13:36:08.669+0900][gc,metaspace] GC(3) Metaspace: 33383K(33664K)->33383K(33664K) NonClass: 29665K(29824K)->29665K(29824K) Class: 3718K(3840K)->3718K(3840K)
[2025-04-20T13:36:08.669+0900][gc          ] GC(3) Pause Young (Normal) (G1 Evacuation Pause) 187M->142M(1024M) 3.875ms
[2025-04-20T13:36:08.669+0900][gc,cpu      ] GC(3) User=0.01s Sys=0.00s Real=0.00s
[2025-04-20T13:44:46.847+0900][gc,heap,exit] Heap
[2025-04-20T13:44:46.847+0900][gc,heap,exit]  garbage-first heap   total 1048576K, used 160667K [0x00000000c0000000, 0x0000000100000000)
[2025-04-20T13:44:46.847+0900][gc,heap,exit]   region size 1024K, 21 young (21504K), 6 survivors (6144K)
[2025-04-20T13:44:46.847+0900][gc,heap,exit]  Metaspace       used 34412K, committed 34688K, reserved 1114112K
[2025-04-20T13:44:46.847+0900][gc,heap,exit]   class space    used 3875K, committed 4032K, reserved 1048576K
