[2025-04-20T13:31:55.972+0900][gc] Using G1
[2025-04-20T13:31:55.980+0900][gc,init] Version: 17.0.14+7-Ubuntu-120.04 (release)
[2025-04-20T13:31:55.980+0900][gc,init] CPUs: 6 total, 6 available
[2025-04-20T13:31:55.980+0900][gc,init] Memory: 15884M
[2025-04-20T13:31:55.980+0900][gc,init] Large Page Support: Disabled
[2025-04-20T13:31:55.980+0900][gc,init] NUMA Support: Disabled
[2025-04-20T13:31:55.980+0900][gc,init] Compressed Oops: Enabled (32-bit)
[2025-04-20T13:31:55.980+0900][gc,init] Heap Region Size: 1M
[2025-04-20T13:31:55.980+0900][gc,init] Heap Min Capacity: 1G
[2025-04-20T13:31:55.980+0900][gc,init] Heap Initial Capacity: 1G
[2025-04-20T13:31:55.980+0900][gc,init] Heap Max Capacity: 1G
[2025-04-20T13:31:55.980+0900][gc,init] Pre-touch: Disabled
[2025-04-20T13:31:55.980+0900][gc,init] Parallel Workers: 6
[2025-04-20T13:31:55.980+0900][gc,init] Concurrent Workers: 2
[2025-04-20T13:31:55.980+0900][gc,init] Concurrent Refinement Workers: 6
[2025-04-20T13:31:55.980+0900][gc,init] Periodic GC: Disabled
[2025-04-20T13:31:55.986+0900][gc,metaspace] CDS archive(s) mapped at: [0x00007f1bd3000000-0x00007f1bd3bc9000-0x00007f1bd3bc9000), size 12357632, SharedBaseAddress: 0x00007f1bd3000000, ArchiveRelocationMode: 1.
[2025-04-20T13:31:55.986+0900][gc,metaspace] Compressed class space mapped at: 0x00007f1bd4000000-0x00007f1c14000000, reserved size: 1073741824
[2025-04-20T13:31:55.986+0900][gc,metaspace] Narrow klass base: 0x00007f1bd3000000, Narrow klass shift: 0, Narrow klass range: 0x100000000
[2025-04-20T13:31:56.907+0900][gc,start    ] GC(0) Pause Young (Normal) (G1 Evacuation Pause)
[2025-04-20T13:31:56.908+0900][gc,task     ] GC(0) Using 6 workers of 6 for evacuation
[2025-04-20T13:31:56.916+0900][gc,phases   ] GC(0)   Pre Evacuate Collection Set: 0.2ms
[2025-04-20T13:31:56.916+0900][gc,phases   ] GC(0)   Merge Heap Roots: 0.1ms
[2025-04-20T13:31:56.916+0900][gc,phases   ] GC(0)   Evacuate Collection Set: 7.5ms
[2025-04-20T13:31:56.916+0900][gc,phases   ] GC(0)   Post Evacuate Collection Set: 0.6ms
[2025-04-20T13:31:56.916+0900][gc,phases   ] GC(0)   Other: 1.1ms
[2025-04-20T13:31:56.916+0900][gc,heap     ] GC(0) Eden regions: 51->0(44)
[2025-04-20T13:31:56.916+0900][gc,heap     ] GC(0) Survivor regions: 0->7(7)
[2025-04-20T13:31:56.916+0900][gc,heap     ] GC(0) Old regions: 0->0
[2025-04-20T13:31:56.916+0900][gc,heap     ] GC(0) Archive regions: 2->2
[2025-04-20T13:31:56.916+0900][gc,heap     ] GC(0) Humongous regions: 0->0
[2025-04-20T13:31:56.916+0900][gc,metaspace] GC(0) Metaspace: 18912K(19136K)->18912K(19136K) NonClass: 16622K(16704K)->16622K(16704K) Class: 2290K(2432K)->2290K(2432K)
[2025-04-20T13:31:56.916+0900][gc          ] GC(0) Pause Young (Normal) (G1 Evacuation Pause) 51M->7M(1024M) 9.716ms
[2025-04-20T13:31:56.916+0900][gc,cpu      ] GC(0) User=0.00s Sys=0.04s Real=0.01s
[2025-04-20T13:31:57.105+0900][gc,start    ] GC(1) Pause Young (Concurrent Start) (Metadata GC Threshold)
[2025-04-20T13:31:57.106+0900][gc,task     ] GC(1) Using 6 workers of 6 for evacuation
[2025-04-20T13:31:57.111+0900][gc,phases   ] GC(1)   Pre Evacuate Collection Set: 0.2ms
[2025-04-20T13:31:57.111+0900][gc,phases   ] GC(1)   Merge Heap Roots: 0.1ms
[2025-04-20T13:31:57.111+0900][gc,phases   ] GC(1)   Evacuate Collection Set: 4.3ms
[2025-04-20T13:31:57.111+0900][gc,phases   ] GC(1)   Post Evacuate Collection Set: 0.6ms
[2025-04-20T13:31:57.111+0900][gc,phases   ] GC(1)   Other: 0.4ms
[2025-04-20T13:31:57.111+0900][gc,heap     ] GC(1) Eden regions: 11->0(49)
[2025-04-20T13:31:57.111+0900][gc,heap     ] GC(1) Survivor regions: 7->2(7)
[2025-04-20T13:31:57.111+0900][gc,heap     ] GC(1) Old regions: 0->7
[2025-04-20T13:31:57.111+0900][gc,heap     ] GC(1) Archive regions: 2->2
[2025-04-20T13:31:57.111+0900][gc,heap     ] GC(1) Humongous regions: 129->129
[2025-04-20T13:31:57.111+0900][gc,metaspace] GC(1) Metaspace: 21326K(21504K)->21326K(21504K) NonClass: 18765K(18816K)->18765K(18816K) Class: 2561K(2688K)->2561K(2688K)
[2025-04-20T13:31:57.111+0900][gc          ] GC(1) Pause Young (Concurrent Start) (Metadata GC Threshold) 147M->138M(1024M) 5.784ms
[2025-04-20T13:31:57.111+0900][gc,cpu      ] GC(1) User=0.01s Sys=0.01s Real=0.01s
[2025-04-20T13:31:57.111+0900][gc          ] GC(2) Concurrent Mark Cycle
[2025-04-20T13:31:57.112+0900][gc,marking  ] GC(2) Concurrent Clear Claimed Marks
[2025-04-20T13:31:57.112+0900][gc,marking  ] GC(2) Concurrent Clear Claimed Marks 0.425ms
[2025-04-20T13:31:57.112+0900][gc,marking  ] GC(2) Concurrent Scan Root Regions
[2025-04-20T13:31:57.113+0900][gc,marking  ] GC(2) Concurrent Scan Root Regions 1.656ms
[2025-04-20T13:31:57.114+0900][gc,marking  ] GC(2) Concurrent Mark
[2025-04-20T13:31:57.114+0900][gc,marking  ] GC(2) Concurrent Mark From Roots
[2025-04-20T13:31:57.114+0900][gc,task     ] GC(2) Using 2 workers of 2 for marking
[2025-04-20T13:31:57.116+0900][gc,marking  ] GC(2) Concurrent Mark From Roots 2.538ms
[2025-04-20T13:31:57.116+0900][gc,marking  ] GC(2) Concurrent Preclean
[2025-04-20T13:31:57.116+0900][gc,marking  ] GC(2) Concurrent Preclean 0.192ms
[2025-04-20T13:31:57.116+0900][gc,start    ] GC(2) Pause Remark
[2025-04-20T13:31:57.118+0900][gc          ] GC(2) Pause Remark 139M->139M(1024M) 1.771ms
[2025-04-20T13:31:57.118+0900][gc,cpu      ] GC(2) User=0.01s Sys=0.00s Real=0.00s
[2025-04-20T13:31:57.118+0900][gc,marking  ] GC(2) Concurrent Mark 4.897ms
[2025-04-20T13:31:57.118+0900][gc,marking  ] GC(2) Concurrent Rebuild Remembered Sets
[2025-04-20T13:31:57.120+0900][gc,marking  ] GC(2) Concurrent Rebuild Remembered Sets 1.518ms
[2025-04-20T13:31:57.120+0900][gc,start    ] GC(2) Pause Cleanup
[2025-04-20T13:31:57.120+0900][gc          ] GC(2) Pause Cleanup 139M->139M(1024M) 0.245ms
[2025-04-20T13:31:57.120+0900][gc,cpu      ] GC(2) User=0.00s Sys=0.00s Real=0.00s
[2025-04-20T13:31:57.121+0900][gc,marking  ] GC(2) Concurrent Cleanup for Next Mark
[2025-04-20T13:31:57.127+0900][gc,marking  ] GC(2) Concurrent Cleanup for Next Mark 6.353ms
[2025-04-20T13:31:57.127+0900][gc          ] GC(2) Concurrent Mark Cycle 15.628ms
[2025-04-20T13:31:59.965+0900][gc,heap,exit] Heap
[2025-04-20T13:31:59.965+0900][gc,heap,exit]  garbage-first heap   total 1048576K, used 167997K [0x00000000c0000000, 0x0000000100000000)
[2025-04-20T13:31:59.965+0900][gc,heap,exit]   region size 1024K, 28 young (28672K), 2 survivors (2048K)
[2025-04-20T13:31:59.965+0900][gc,heap,exit]  Metaspace       used 26467K, committed 26624K, reserved 1114112K
[2025-04-20T13:31:59.965+0900][gc,heap,exit]   class space    used 3000K, committed 3072K, reserved 1048576K
