[2025-04-20T13:29:20.258+0900][gc] Using G1
[2025-04-20T13:29:20.262+0900][gc,init] Version: 17.0.14+7-Ubuntu-120.04 (release)
[2025-04-20T13:29:20.262+0900][gc,init] CPUs: 6 total, 6 available
[2025-04-20T13:29:20.262+0900][gc,init] Memory: 15884M
[2025-04-20T13:29:20.262+0900][gc,init] Large Page Support: Disabled
[2025-04-20T13:29:20.262+0900][gc,init] NUMA Support: Disabled
[2025-04-20T13:29:20.262+0900][gc,init] Compressed Oops: Enabled (32-bit)
[2025-04-20T13:29:20.262+0900][gc,init] Heap Region Size: 1M
[2025-04-20T13:29:20.263+0900][gc,init] Heap Min Capacity: 512M
[2025-04-20T13:29:20.263+0900][gc,init] Heap Initial Capacity: 512M
[2025-04-20T13:29:20.263+0900][gc,init] Heap Max Capacity: 512M
[2025-04-20T13:29:20.263+0900][gc,init] Pre-touch: Disabled
[2025-04-20T13:29:20.263+0900][gc,init] Parallel Workers: 6
[2025-04-20T13:29:20.263+0900][gc,init] Concurrent Workers: 2
[2025-04-20T13:29:20.263+0900][gc,init] Concurrent Refinement Workers: 6
[2025-04-20T13:29:20.263+0900][gc,init] Periodic GC: Disabled
[2025-04-20T13:29:20.268+0900][gc,metaspace] CDS archive(s) mapped at: [0x00007ff473000000-0x00007ff473bc9000-0x00007ff473bc9000), size 12357632, SharedBaseAddress: 0x00007ff473000000, ArchiveRelocationMode: 1.
[2025-04-20T13:29:20.268+0900][gc,metaspace] Compressed class space mapped at: 0x00007ff474000000-0x00007ff4b4000000, reserved size: 1073741824
[2025-04-20T13:29:20.268+0900][gc,metaspace] Narrow klass base: 0x00007ff473000000, Narrow klass shift: 0, Narrow klass range: 0x100000000
[2025-04-20T13:31:56.662+0900][gc,start    ] GC(0) Pause Young (Normal) (G1 Evacuation Pause)
[2025-04-20T13:31:56.663+0900][gc,task     ] GC(0) Using 6 workers of 6 for evacuation
[2025-04-20T13:31:56.671+0900][gc,phases   ] GC(0)   Pre Evacuate Collection Set: 0.2ms
[2025-04-20T13:31:56.671+0900][gc,phases   ] GC(0)   Merge Heap Roots: 0.2ms
[2025-04-20T13:31:56.671+0900][gc,phases   ] GC(0)   Evacuate Collection Set: 5.3ms
[2025-04-20T13:31:56.671+0900][gc,phases   ] GC(0)   Post Evacuate Collection Set: 0.9ms
[2025-04-20T13:31:56.671+0900][gc,phases   ] GC(0)   Other: 1.6ms
[2025-04-20T13:31:56.671+0900][gc,heap     ] GC(0) Eden regions: 25->0(21)
[2025-04-20T13:31:56.671+0900][gc,heap     ] GC(0) Survivor regions: 0->4(4)
[2025-04-20T13:31:56.671+0900][gc,heap     ] GC(0) Old regions: 0->2
[2025-04-20T13:31:56.671+0900][gc,heap     ] GC(0) Archive regions: 2->2
[2025-04-20T13:31:56.671+0900][gc,heap     ] GC(0) Humongous regions: 0->0
[2025-04-20T13:31:56.671+0900][gc,metaspace] GC(0) Metaspace: 7448K(7616K)->7448K(7616K) NonClass: 6610K(6720K)->6610K(6720K) Class: 838K(896K)->838K(896K)
[2025-04-20T13:31:56.671+0900][gc          ] GC(0) Pause Young (Normal) (G1 Evacuation Pause) 25M->6M(512M) 8.405ms
[2025-04-20T13:31:56.671+0900][gc,cpu      ] GC(0) User=0.02s Sys=0.01s Real=0.00s
[2025-04-20T13:34:49.201+0900][gc,heap,exit] Heap
[2025-04-20T13:34:49.201+0900][gc,heap,exit]  garbage-first heap   total 524288K, used 10811K [0x00000000e0000000, 0x0000000100000000)
[2025-04-20T13:34:49.201+0900][gc,heap,exit]   region size 1024K, 9 young (9216K), 4 survivors (4096K)
[2025-04-20T13:34:49.201+0900][gc,heap,exit]  Metaspace       used 7516K, committed 7680K, reserved 1114112K
[2025-04-20T13:34:49.201+0900][gc,heap,exit]   class space    used 841K, committed 896K, reserved 1048576K
