[2025-04-20T13:27:54.340+0900][gc] Using G1
[2025-04-20T13:27:54.344+0900][gc,init] Version: 17.0.14+7-Ubuntu-120.04 (release)
[2025-04-20T13:27:54.344+0900][gc,init] CPUs: 6 total, 6 available
[2025-04-20T13:27:54.344+0900][gc,init] Memory: 15884M
[2025-04-20T13:27:54.344+0900][gc,init] Large Page Support: Disabled
[2025-04-20T13:27:54.344+0900][gc,init] NUMA Support: Disabled
[2025-04-20T13:27:54.344+0900][gc,init] Compressed Oops: Enabled (32-bit)
[2025-04-20T13:27:54.344+0900][gc,init] Heap Region Size: 1M
[2025-04-20T13:27:54.344+0900][gc,init] Heap Min Capacity: 512M
[2025-04-20T13:27:54.344+0900][gc,init] Heap Initial Capacity: 512M
[2025-04-20T13:27:54.344+0900][gc,init] Heap Max Capacity: 512M
[2025-04-20T13:27:54.344+0900][gc,init] Pre-touch: Disabled
[2025-04-20T13:27:54.344+0900][gc,init] Parallel Workers: 6
[2025-04-20T13:27:54.344+0900][gc,init] Concurrent Workers: 2
[2025-04-20T13:27:54.344+0900][gc,init] Concurrent Refinement Workers: 6
[2025-04-20T13:27:54.344+0900][gc,init] Periodic GC: Disabled
[2025-04-20T13:27:54.349+0900][gc,metaspace] CDS archive(s) mapped at: [0x00007f8517000000-0x00007f8517bc9000-0x00007f8517bc9000), size 12357632, SharedBaseAddress: 0x00007f8517000000, ArchiveRelocationMode: 1.
[2025-04-20T13:27:54.349+0900][gc,metaspace] Compressed class space mapped at: 0x00007f8518000000-0x00007f8558000000, reserved size: 1073741824
[2025-04-20T13:27:54.349+0900][gc,metaspace] Narrow klass base: 0x00007f8517000000, Narrow klass shift: 0, Narrow klass range: 0x100000000
[2025-04-20T13:28:00.896+0900][gc,heap,exit] Heap
[2025-04-20T13:28:00.896+0900][gc,heap,exit]  garbage-first heap   total 524288K, used 21936K [0x00000000e0000000, 0x0000000100000000)
[2025-04-20T13:28:00.896+0900][gc,heap,exit]   region size 1024K, 21 young (21504K), 0 survivors (0K)
[2025-04-20T13:28:00.896+0900][gc,heap,exit]  Metaspace       used 7126K, committed 7296K, reserved 1114112K
[2025-04-20T13:28:00.896+0900][gc,heap,exit]   class space    used 801K, committed 896K, reserved 1048576K
